[labartisan.net/demo/unlimitcon/index.html]
[backblue.gif]
[fade.gif]
[index.html]
[labartisan.net/demo/unlimitcon/assets/images/x-icon.png]
[labartisan.net/demo/unlimitcon/assets/css/animate.css]
[labartisan.net/demo/unlimitcon/assets/css/bootstrap.min.css]
[labartisan.net/demo/unlimitcon/assets/css/all.min.css]
[labartisan.net/demo/unlimitcon/assets/css/lightcase.css]
[labartisan.net/demo/unlimitcon/assets/css/swiper.min.css]
[labartisan.net/demo/unlimitcon/assets/css/style.css]
[labartisan.net/demo/unlimitcon/assets/images/logo/01.png]
[labartisan.net/demo/unlimitcon/index-2.html]
[labartisan.net/demo/unlimitcon/index-3.html]
[labartisan.net/demo/unlimitcon/about.html]
[labartisan.net/demo/unlimitcon/speaker-profile.html]
[labartisan.net/demo/unlimitcon/registation.html]
[labartisan.net/demo/unlimitcon/event-sidebar.html]
[labartisan.net/demo/unlimitcon/event-single.html]
[labartisan.net/demo/unlimitcon/event-timeline.html]
[labartisan.net/demo/unlimitcon/masonary.html]
[labartisan.net/demo/unlimitcon/contact-page.html]
[labartisan.net/demo/unlimitcon/404.html]
[labartisan.net/demo/unlimitcon/sponsor-reg.html]
[labartisan.net/demo/unlimitcon/event-venue.html]
[labartisan.net/demo/unlimitcon/eventvenus-details.html]
[labartisan.net/demo/unlimitcon/blog-page.html]
[labartisan.net/demo/unlimitcon/blog-single.html]
[labartisan.net/demo/unlimitcon/assets/images/banner/shape/01.png]
[labartisan.net/demo/unlimitcon/assets/images/svg/banner.svg]
[labartisan.net/demo/unlimitcon/assets/images/bbs/1.png]
[labartisan.net/demo/unlimitcon/assets/images/bbs/2.png]
[labartisan.net/demo/unlimitcon/assets/images/bbs/3.png]
[labartisan.net/demo/unlimitcon/assets/images/bbs/4.png]
[labartisan.net/demo/unlimitcon/assets/images/bbs/5.png]
[labartisan.net/demo/unlimitcon/assets/images/bbs/6.png]
[labartisan.net/demo/unlimitcon/assets/images/event/01.png]
[labartisan.net/demo/unlimitcon/assets/images/event/02.png]
[labartisan.net/demo/unlimitcon/assets/images/event/03.png]
[labartisan.net/demo/unlimitcon/assets/images/event/04.png]
[labartisan.net/demo/unlimitcon/assets/images/feature/01.png]
[labartisan.net/demo/unlimitcon/assets/images/counter-up/01.png]
[labartisan.net/demo/unlimitcon/assets/images/counter-up/02.png]
[labartisan.net/demo/unlimitcon/assets/images/counter-up/03.png]
[labartisan.net/demo/unlimitcon/assets/images/speaker/01.png]
[labartisan.net/demo/unlimitcon/assets/images/speaker/sidebar.png]
[labartisan.net/demo/unlimitcon/assets/images/speaker/26.png]
[labartisan.net/demo/unlimitcon/assets/images/speaker/27.png]
[labartisan.net/demo/unlimitcon/assets/images/speaker/28.png]
[labartisan.net/demo/unlimitcon/assets/images/speaker/29.png]
[labartisan.net/demo/unlimitcon/assets/images/speaker/06.png]
[labartisan.net/demo/unlimitcon/assets/images/speaker/07.png]
[labartisan.net/demo/unlimitcon/assets/images/speaker/08.png]
[labartisan.net/demo/unlimitcon/assets/images/speaker/09.png]
[labartisan.net/demo/unlimitcon/assets/images/speaker/11.png]
[labartisan.net/demo/unlimitcon/assets/images/speaker/12.png]
[labartisan.net/demo/unlimitcon/assets/images/gallery/1.jpg]
[labartisan.net/demo/unlimitcon/assets/images/gallery/3.jpg]
[labartisan.net/demo/unlimitcon/assets/images/gallery/4.jpg]
[labartisan.net/demo/unlimitcon/assets/images/gallery/5.jpg]
[labartisan.net/demo/unlimitcon/assets/images/gallery/6.jpg]
[labartisan.net/demo/unlimitcon/assets/images/gallery/7.jpg]
[labartisan.net/demo/unlimitcon/assets/images/gallery/8.jpg]
[labartisan.net/demo/unlimitcon/assets/images/gallery/9.jpg]
[labartisan.net/demo/unlimitcon/assets/images/gallery/11.jpg]
[labartisan.net/demo/unlimitcon/assets/images/gallery/12.jpg]
[labartisan.net/demo/unlimitcon/assets/images/faq/03.png]
[labartisan.net/demo/unlimitcon/assets/images/testimonial/01.png]
[labartisan.net/demo/unlimitcon/assets/images/testimonial/02.png]
[labartisan.net/demo/unlimitcon/assets/images/blog/01.png]
[labartisan.net/demo/unlimitcon/assets/images/blog/meta.png]
[labartisan.net/demo/unlimitcon/assets/images/blog/02.png]
[labartisan.net/demo/unlimitcon/assets/images/blog/03.png]
[labartisan.net/demo/unlimitcon/assets/images/footer/01.png]
[labartisan.net/demo/unlimitcon/assets/images/footer/02.png]
[labartisan.net/demo/unlimitcon/assets/images/footer/03.png]
[labartisan.net/demo/unlimitcon/assets/images/footer/04.png]
[labartisan.net/demo/unlimitcon/assets/images/footer/05.png]
[labartisan.net/demo/unlimitcon/assets/images/footer/06.png]
[labartisan.net/demo/unlimitcon/assets/js/jquery.js]
[labartisan.net/demo/unlimitcon/assets/js/snap.svg-min.js]
[labartisan.net/demo/unlimitcon/assets/js/classie.js]
[labartisan.net/demo/unlimitcon/assets/js/main3.js]
[labartisan.net/demo/unlimitcon/assets/js/jquery.counterup.min.js]
[labartisan.net/demo/unlimitcon/assets/js/fontawesome.min.js]
[labartisan.net/demo/unlimitcon/assets/js/bootstrap.min.js]
[labartisan.net/demo/unlimitcon/assets/js/jquery.easing.js]
[labartisan.net/demo/unlimitcon/assets/js/parallax.min.js]
[labartisan.net/demo/unlimitcon/assets/js/jquery.countdown.min.js]
[labartisan.net/demo/unlimitcon/assets/js/jQuery.scrollSpeed.js]
[labartisan.net/demo/unlimitcon/assets/js/jquery.jticker.min.js]
[labartisan.net/demo/unlimitcon/assets/js/lightcase.js]
[labartisan.net/demo/unlimitcon/assets/js/waypoints.min.js]
[labartisan.net/demo/unlimitcon/assets/js/functions.js]
[labartisan.net/demo/unlimitcon/assets/js/wow.min.js]
[labartisan.net/demo/unlimitcon/assets/js/swiper.min.js]
[labartisan.net/demo/unlimitcon/assets/js/isotope.pkgd.min.js]
[s3.amazonaws.com/downloads.mailchimp.com/js/mc-validate.js]
[labartisan.net/demo/unlimitcon/assets/js/theia-sticky-sidebar.js]
[labartisan.net/demo/unlimitcon/index.html]
[labartisan.net/demo/unlimitcon/assets/css/animate.css]
[labartisan.net/demo/unlimitcon/assets/css/bootstrap.min.css]
[labartisan.net/demo/unlimitcon/assets/js/mail.js]
[labartisan.net/demo/unlimitcon/assets/webfonts/fa-brands-400.woff2]
[labartisan.net/demo/unlimitcon/assets/webfonts/fa-brands-400.woff]
[labartisan.net/demo/unlimitcon/assets/webfonts/fa-brands-400.ttf]
[labartisan.net/demo/unlimitcon/assets/webfonts/fa-brands-400.eot]
[labartisan.net/demo/unlimitcon/assets/webfonts/fa-regular-400.woff]
[labartisan.net/demo/unlimitcon/assets/webfonts/fa-regular-400.eot]
[labartisan.net/demo/unlimitcon/assets/webfonts/fa-regular-400.ttf]
[labartisan.net/demo/unlimitcon/assets/webfonts/fa-regular-400.svg]
[labartisan.net/demo/unlimitcon/assets/webfonts/fa-regular-400d41d.eot]
[labartisan.net/demo/unlimitcon/assets/webfonts/fa-solid-900.woff2]
[labartisan.net/demo/unlimitcon/assets/webfonts/fa-solid-900.woff]
[labartisan.net/demo/unlimitcon/assets/webfonts/fa-solid-900.ttf]
[labartisan.net/demo/unlimitcon/assets/webfonts/fa-solid-900.eot]
[labartisan.net/demo/unlimitcon/assets/css/all.min.css]
[labartisan.net/demo/unlimitcon/assets/fonts/lightcaseeead.woff]
[labartisan.net/demo/unlimitcon/assets/fonts/lightcaseeead.ttf]
[labartisan.net/demo/unlimitcon/assets/css/lightcase.css]
[labartisan.net/demo/unlimitcon/assets/fonts/lightcaseeead.svg]
[labartisan.net/demo/unlimitcon/assets/css/swiper.min.css]
[labartisan.net/demo/unlimitcon/assets/images/banner/02.png]
[labartisan.net/demo/unlimitcon/assets/images/banner/bgc.png]
[labartisan.net/demo/unlimitcon/assets/images/pattan.png]
[labartisan.net/demo/unlimitcon/assets/webfonts/fa-solid-900d41d.eot]
[labartisan.net/demo/unlimitcon/assets/images/sponsor/border.png]
[labartisan.net/demo/unlimitcon/assets/images/background/schedule-1.7d.delayed]
[labartisan.net/demo/unlimitcon/assets/images/background/schedule-2.jpg]
[labartisan.net/demo/unlimitcon/assets/images/background/schedule-3.jpg]
[labartisan.net/demo/unlimitcon/assets/images/speaker/side-shape.png]
[labartisan.net/demo/unlimitcon/assets/images/speaker/text-bg-2.png]
[labartisan.net/demo/unlimitcon/assets/images/pricing/02.png]
[labartisan.net/demo/unlimitcon/assets/css/images/bg.png]
[labartisan.net/demo/unlimitcon/assets/images/achive/bg.png]
[labartisan.net/demo/unlimitcon/assets/images/footer/s-top.png]
[labartisan.net/demo/unlimitcon/assets/css/style.css]
[labartisan.net/demo/unlimitcon/assets/images/banner/01.jpg]
[labartisan.net/demo/unlimitcon/assets/images/banner/02.jpg]
[labartisan.net/demo/unlimitcon/assets/images/about/bg.png]
[labartisan.net/demo/unlimitcon/assets/images/about/01.jpg]
[labartisan.net/demo/unlimitcon/assets/images/sponsor/2.png]
[labartisan.net/demo/unlimitcon/assets/images/sponsor/3.png]
[labartisan.net/demo/unlimitcon/assets/images/sponsor/5.png]
[labartisan.net/demo/unlimitcon/assets/images/sponsor/6.png]
[labartisan.net/demo/unlimitcon/assets/images/sponsor/7.png]
[labartisan.net/demo/unlimitcon/assets/images/sponsor/8.png]
[labartisan.net/demo/unlimitcon/assets/images/sponsor/9.png]
[labartisan.net/demo/unlimitcon/assets/images/sponsor/10.png]
[labartisan.net/demo/unlimitcon/assets/images/sponsor/11.png]
[labartisan.net/demo/unlimitcon/assets/images/sponsor/12.png]
[labartisan.net/demo/unlimitcon/assets/images/sponsor/13.png]
[labartisan.net/demo/unlimitcon/assets/images/sponsor/14.png]
[labartisan.net/demo/unlimitcon/assets/images/sponsor/15.png]
[labartisan.net/demo/unlimitcon/assets/images/sponsor/16.png]
[labartisan.net/demo/unlimitcon/assets/images/testimonial/bg-2.png]
[labartisan.net/demo/unlimitcon/assets/images/testimonial/06.png]
[labartisan.net/demo/unlimitcon/assets/images/pricing/bg.png]
[labartisan.net/demo/unlimitcon/assets/images/pricing/sponsor/01.png]
[labartisan.net/demo/unlimitcon/index-2.html]
[labartisan.net/demo/unlimitcon/assets/images/service/01.png]
[labartisan.net/demo/unlimitcon/assets/images/service/icon/01.png]
[labartisan.net/demo/unlimitcon/assets/images/service/02.png]
[labartisan.net/demo/unlimitcon/assets/images/service/icon/02.png]
[labartisan.net/demo/unlimitcon/assets/images/service/03.png]
[labartisan.net/demo/unlimitcon/assets/images/service/icon/03.png]
[labartisan.net/demo/unlimitcon/assets/images/service/04.png]
[labartisan.net/demo/unlimitcon/assets/images/service/icon/04.png]
[labartisan.net/demo/unlimitcon/assets/images/newevent/01.png]
[labartisan.net/demo/unlimitcon/assets/images/achive/01.png]
[labartisan.net/demo/unlimitcon/assets/images/achive/02.png]
[labartisan.net/demo/unlimitcon/assets/images/achive/03.png]
[labartisan.net/demo/unlimitcon/assets/images/speaker/14.png]
[labartisan.net/demo/unlimitcon/assets/images/speaker/meta-con/01.png]
[labartisan.net/demo/unlimitcon/assets/images/speaker/meta-con/02.png]
[labartisan.net/demo/unlimitcon/assets/images/speaker/meta-con/03.png]
[labartisan.net/demo/unlimitcon/assets/images/speaker/ticket.png]
[labartisan.net/demo/unlimitcon/assets/images/speaker/15.png]
[labartisan.net/demo/unlimitcon/assets/images/speaker/16.png]
[labartisan.net/demo/unlimitcon/assets/images/testimonial/bg-3.png]
[labartisan.net/demo/unlimitcon/assets/images/manager/01.png]
[labartisan.net/demo/unlimitcon/index-3.html]
[labartisan.net/demo/unlimitcon/assets/images/about/01.png]
[labartisan.net/demo/unlimitcon/assets/images/testimonial/bg-4.png]
[labartisan.net/demo/unlimitcon/assets/images/choose-us/bg.png]
[labartisan.net/demo/unlimitcon/about.html]
[labartisan.net/demo/unlimitcon/assets/images/pageheader/pageheader-2.png]
[labartisan.net/demo/unlimitcon/assets/images/speaker/17.png]
[labartisan.net/demo/unlimitcon/assets/images/speaker/name.png]
[labartisan.net/demo/unlimitcon/assets/images/venue/03.png]
[labartisan.net/demo/unlimitcon/assets/images/venue/04.png]
[labartisan.net/demo/unlimitcon/assets/images/venue/05.png]
[labartisan.net/demo/unlimitcon/speaker-profile.html]
[labartisan.net/demo/unlimitcon/assets/images/pageheader/pageheader-3.png]
[labartisan.net/demo/unlimitcon/assets/images/about/02.png]
[labartisan.net/demo/unlimitcon/assets/images/opportunity/icon/06.png]
[labartisan.net/demo/unlimitcon/assets/images/faq/bg.png]
[labartisan.net/demo/unlimitcon/registation.html]
[labartisan.net/demo/unlimitcon/assets/images/conference/01.png]
[labartisan.net/demo/unlimitcon/assets/images/conference/02.png]
[labartisan.net/demo/unlimitcon/assets/images/conference/04.png]
[labartisan.net/demo/unlimitcon/assets/images/conference/05.png]
[labartisan.net/demo/unlimitcon/assets/images/conference/06.png]
[labartisan.net/demo/unlimitcon/assets/images/conference/07.png]
[labartisan.net/demo/unlimitcon/assets/images/conference/08.png]
[labartisan.net/demo/unlimitcon/assets/images/timeline/01.png]
[labartisan.net/demo/unlimitcon/assets/images/timeline/04.png]
[labartisan.net/demo/unlimitcon/assets/images/timeline/05.png]
[labartisan.net/demo/unlimitcon/assets/images/timeline/06.png]
[labartisan.net/demo/unlimitcon/assets/images/speaker/18.png]
[labartisan.net/demo/unlimitcon/assets/images/speaker/20.png]
[labartisan.net/demo/unlimitcon/assets/images/speaker/22.png]
[labartisan.net/demo/unlimitcon/assets/images/speaker/23.png]
[labartisan.net/demo/unlimitcon/assets/images/speaker/24.png]
[labartisan.net/demo/unlimitcon/assets/images/speaker/25.png]
[labartisan.net/demo/unlimitcon/assets/images/register/bg.png]
[labartisan.net/demo/unlimitcon/assets/images/blog/04.png]
[labartisan.net/demo/unlimitcon/assets/images/blog/06.png]
[labartisan.net/demo/unlimitcon/event-sidebar.html]
[labartisan.net/demo/unlimitcon/assets/images/conference/03.png]
[labartisan.net/demo/unlimitcon/assets/images/gallery/12.png]
[labartisan.net/demo/unlimitcon/assets/images/gallery/13.png]
[labartisan.net/demo/unlimitcon/assets/images/gallery/14.png]
[labartisan.net/demo/unlimitcon/assets/images/gallery/16.png]
[labartisan.net/demo/unlimitcon/assets/images/gallery/18.png]
[labartisan.net/demo/unlimitcon/assets/images/gallery/19.png]
[labartisan.net/demo/unlimitcon/assets/images/gallery/21.png]
[labartisan.net/demo/unlimitcon/assets/images/gallery/22.png]
[labartisan.net/demo/unlimitcon/event-single.html]
[labartisan.net/demo/unlimitcon/event-timeline.html]
[labartisan.net/demo/unlimitcon/assets/images/masonary/01.png]
[labartisan.net/demo/unlimitcon/assets/images/masonary/03.png]
[labartisan.net/demo/unlimitcon/assets/images/masonary/04.png]
[labartisan.net/demo/unlimitcon/assets/images/masonary/05.png]
[labartisan.net/demo/unlimitcon/assets/images/masonary/06.png]
[labartisan.net/demo/unlimitcon/masonary.html]
[labartisan.net/demo/unlimitcon/contact-page.html]
[labartisan.net/demo/unlimitcon/assets/images/404/01.png]
[labartisan.net/demo/unlimitcon/404.html]
[labartisan.net/demo/unlimitcon/assets/images/opportunity/01.png]
[labartisan.net/demo/unlimitcon/assets/images/opportunity/02.png]
[labartisan.net/demo/unlimitcon/assets/images/opportunity/03.png]
[labartisan.net/demo/unlimitcon/assets/images/opportunity/icon/01.png]
[labartisan.net/demo/unlimitcon/assets/images/opportunity/icon/02.png]
[labartisan.net/demo/unlimitcon/assets/images/opportunity/icon/03.png]
[labartisan.net/demo/unlimitcon/assets/images/opportunity/icon/04.png]
[labartisan.net/demo/unlimitcon/assets/images/opportunity/icon/05.png]
[labartisan.net/demo/unlimitcon/assets/images/opportunity/04.png]
[labartisan.net/demo/unlimitcon/assets/images/opportunity/05.png]
[labartisan.net/demo/unlimitcon/assets/images/opportunity/06.png]
[labartisan.net/demo/unlimitcon/assets/images/opportunity/07.png]
[labartisan.net/demo/unlimitcon/assets/images/opportunity/08.png]
[labartisan.net/demo/unlimitcon/assets/images/opportunity/09.png]
[labartisan.net/demo/unlimitcon/assets/images/opportunity/11.png]
[labartisan.net/demo/unlimitcon/assets/images/opportunity/10.png]
[labartisan.net/demo/unlimitcon/sponsor-reg.html]
[labartisan.net/demo/unlimitcon/assets/images/speaker/venue/01.png]
[labartisan.net/demo/unlimitcon/assets/images/speaker/venue/02.png]
[labartisan.net/demo/unlimitcon/assets/images/speaker/venue/03.png]
[labartisan.net/demo/unlimitcon/assets/images/speaker/venue/05.png]
[labartisan.net/demo/unlimitcon/assets/images/speaker/venue/06.png]
[labartisan.net/demo/unlimitcon/assets/images/speaker/venue/07.png]
[labartisan.net/demo/unlimitcon/assets/images/speaker/venue/08.png]
[labartisan.net/demo/unlimitcon/event-venue.html]
[labartisan.net/demo/unlimitcon/assets/images/venue/01.png]
[labartisan.net/demo/unlimitcon/eventvenus-details.html]
[labartisan.net/demo/unlimitcon/assets/images/blog/01.jpg]
[labartisan.net/demo/unlimitcon/assets/images/blog/02.jpg]
[labartisan.net/demo/unlimitcon/assets/images/blog/03.jpg]
[labartisan.net/demo/unlimitcon/assets/images/blog/04.jpg]
[labartisan.net/demo/unlimitcon/assets/images/blog/05.jpg]
[labartisan.net/demo/unlimitcon/assets/images/blog/06.jpg]
[labartisan.net/demo/unlimitcon/assets/images/sidebar/01.jpg]
[labartisan.net/demo/unlimitcon/assets/images/sidebar/02.jpg]
[labartisan.net/demo/unlimitcon/blog-page.html]
[labartisan.net/demo/unlimitcon/assets/images/blog-single/01.jpg]
[labartisan.net/demo/unlimitcon/assets/images/blog-single/02.jpg]
[labartisan.net/demo/unlimitcon/assets/images/blog-single/author/01.png]
[labartisan.net/demo/unlimitcon/assets/images/blog-single/03.jpg]
[labartisan.net/demo/unlimitcon/assets/images/blog-single/05.jpg]
[labartisan.net/demo/unlimitcon/assets/images/blog-single/comments/02.png]
[labartisan.net/demo/unlimitcon/assets/images/blog-single/comments/03.png]
[labartisan.net/demo/unlimitcon/assets/images/blog-single/comments/04.png]
[labartisan.net/demo/unlimitcon/assets/images/blog-single/comments/05.png]
[labartisan.net/demo/unlimitcon/blog-single.html]
[labartisan.net/demo/unlimitcon/assets/images/svg/banner.svg]
[labartisan.net/demo/unlimitcon/assets/images/speaker/10.png]
[labartisan.net/demo/unlimitcon/assets/images/speaker/13.png]
[labartisan.net/demo/unlimitcon/assets/images/gallery/2.jpg]
[labartisan.net/demo/unlimitcon/assets/webfonts/fa-regular-400.woff2]
[labartisan.net/demo/unlimitcon/assets/webfonts/fa-brands-400.svg]
[labartisan.net/demo/unlimitcon/assets/webfonts/fa-regular-400.svg]
[labartisan.net/demo/unlimitcon/assets/fonts/lightcaseeead.eot]
[labartisan.net/demo/unlimitcon/assets/fonts/lightcaseeead.svg]
[labartisan.net/demo/unlimitcon/assets/images/event/pattan.png]
[labartisan.net/demo/unlimitcon/assets/images/background/schedule-1.html]
[labartisan.net/demo/unlimitcon/assets/images/background/schedule-2.html]
[labartisan.net/demo/unlimitcon/assets/images/background/schedule-3.html]
[labartisan.net/demo/unlimitcon/assets/images/sponsor/1.png]
[labartisan.net/demo/unlimitcon/assets/webfonts/fa-solid-900.svg]
[labartisan.net/demo/unlimitcon/assets/images/sponsor/4.png]
[labartisan.net/demo/unlimitcon/assets/images/contact/bg.png]
[labartisan.net/demo/unlimitcon/assets/webfonts/fa-brands-400d41d.eot]
[labartisan.net/demo/unlimitcon/assets/images/pageheader/pageheader-3.png]
[labartisan.net/demo/unlimitcon/assets/images/pageheader/pageheader-4.png]
[labartisan.net/demo/unlimitcon/assets/images/timeline/07.png]
[labartisan.net/demo/unlimitcon/assets/images/speaker/21.png]
[labartisan.net/demo/unlimitcon/assets/images/blog/05.png]
[labartisan.net/demo/unlimitcon/assets/images/gallery/11.png]
[labartisan.net/demo/unlimitcon/assets/images/gallery/15.png]
[labartisan.net/demo/unlimitcon/assets/images/gallery/20.png]
[labartisan.net/demo/unlimitcon/assets/images/masonary/02.png]
[labartisan.net/demo/unlimitcon/assets/images/speaker/venue/04.png]
[labartisan.net/demo/unlimitcon/assets/images/venue/02.png]
[labartisan.net/demo/unlimitcon/assets/images/blog-single/comments/01.png]
[labartisan.net/demo/unlimitcon/assets/images/gallery/10.jpg]
[labartisan.net/demo/unlimitcon/assets/webfonts/fa-brands-400.svg]
[labartisan.net/demo/unlimitcon/assets/webfonts/fa-solid-900.svg]
[labartisan.net/demo/unlimitcon/assets/images/pageheader/pageheader-3.png]
[labartisan.net/demo/unlimitcon/assets/images/timeline/03.png]
[labartisan.net/demo/unlimitcon/assets/images/speaker/19.png]
[labartisan.net/demo/unlimitcon/assets/images/pageheader/pageheader.png]
[labartisan.net/demo/unlimitcon/assets/images/blog-single/04.jpg]
[labartisan.net/demo/unlimitcon/assets/images/pageheader/pageheader-4.png]
[labartisan.net/demo/unlimitcon/assets/images/gallery/17.png]
